<ul><li>foo/bar.text</li><li>foo/baz.text</li><li>some.text</li></ul>