<ul><li>foo/bar.text</li><li>foo/baz.text</li><li>foo/index.html</li><li>hello.txt</li><li>helpers/filter.html</li><li>helpers/list.html</li><li>index.html</li><li>some.text</li></ul>