<ul><li>filter.html</li><li>foo/bar.text</li><li>foo/baz.text</li><li>foo/index.html</li><li>index.html</li><li>list.html</li><li>some.text</li></ul>